
> ib-gram@0.1.0 build
> next build

Γû▓ Next.js 16.2.2 (Turbopack)

  Creating an optimized production build ...
npm : 
At line:1 char:1
+ npm run build > build_output.txt 2>&1
+ ~~~~~~~~~~~~~~~~~~~~~~~~~~~~~~~~~~~~~
    + CategoryInfo          : NotSpecified: (:String) [], 
    RemoteException
    + FullyQualifiedErrorId : NativeCommandError
 
> Build error occurred
Error: Turbopack build failed with 2 errors:
./src/components/layout/Header.tsx:15:1
Module not found: Can't resolve './AiAssistantToggle'
  [90m13 |[0m [36mimport[0m { 
[33mLocalizationModal[0m } [36mfrom[0m 
[32m"./LocalizationModal"[0m;
  [90m14 |[0m [36mimport[0m { [33mThemeSwitcher[0m 
} [36mfrom[0m [32m"./ThemeSwitcher"[0m;
[31m[1m>[0m [90m15 |[0m [36mimport[0m { 
[33mAiAssistantToggle[0m } [36mfrom[0m 
[32m"./AiAssistantToggle"[0m;
  [90m   |[0m [31m[1m^^^^^^^^^^^^^^^^^^^^^^^^^^^^^^^^^
^^^^^^^^^^^^^^^^^^^^^^^[0m
  [90m16 |[0m [36mimport[0m { useEffect, useState } 
[36mfrom[0m [32m"react"[0m;
  [90m17 |[0m
  [90m18 |[0m [36mexport[0m [36mfunction[0m 
[33mHeader[0m() {



Import trace:
  Server Component:
    ./src/components/layout/Header.tsx
    ./src/app/(marketing)/layout.tsx

https://nextjs.org/docs/messages/module-not-found


./src/app/(marketing)/layout.tsx:4:1
Module not found: Can't resolve 
'@/components/layout/FloatingContactWidget'
  [90m2 |[0m [36mimport[0m { [33mFooter[0m } 
[36mfrom[0m [32m"@/components/layout/Footer"[0m;
  [90m3 |[0m [36mimport[0m { [33mLenisProvider[0m } 
[36mfrom[0m 
[32m"@/components/providers/LenisProvider"[0m;
[31m[1m>[0m [90m4 |[0m [36mimport[0m { 
[33mFloatingContactWidget[0m } [36mfrom[0m 
[32m"@/components/layout/FloatingContactWidget"[0m;
  [90m  |[0m [31m[1m^^^^^^^^^^^^^^^^^^^^^^^^^^^^^^^^^^
^^^^^^^^^^^^^^^^^^^^^^^^^^^^^^^^^^^^^^^^^^^^^^^^[0m
  [90m5 |[0m
  [90m6 |[0m [36mexport[0m [36mdefault[0m 
[36mfunction[0m [33mMarketingLayout[0m({
  [90m7 |[0m   children,

Import map: aliased to relative 
'./src/components/layout/FloatingContactWidget' inside of 
[project]/


https://nextjs.org/docs/messages/module-not-found


    at <unknown> (./src/components/layout/Header.tsx:15:1)
    at <unknown> 
(https://nextjs.org/docs/messages/module-not-found)
    at <unknown> (./src/app/(marketing)/layout.tsx:4:1)
    at <unknown> 
(https://nextjs.org/docs/messages/module-not-found)
